// Jest Snapshot v1, https://goo.gl/fbAQLP

exports[`render Col with mandatory props 1`] = `
<div>
  <div
    class="sc-bcXHqe dqsNFd"
  >
    Test children
  </div>
</div>
`;
